Compiling lib\main.dart for the Web...                          
flutter : Wasm dry 
run succeeded. 
Consider building 
and testing your 
application with 
the `--wasm` flag. 
See docs for more 
info: https://docs.f
lutter.dev/platform-
integration/web/wasm
At line:1 char:1
+ flutter build web 
2>&1 > 
build_output.txt; 
Get-Content 
build_output.t ...
+ ~~~~~~~~~~~~~~~~~~
~~~~~~~~~~~~~~~~~~~~
~~~
    + CategoryInfo  
            : NotS  
  pecified: (Wasm   
  dry run su...r    
ation/web/wasm:    
String) [], Rem    
oteException
    + FullyQualifie 
   dErrorId : Nati  
  veCommandError
 
Use 
--no-wasm-dry-run 
to disable these 
warnings.
Target dart2js 
failed: 
ProcessException: 
Process exited 
abnormally with 
exit code 1:
lib/app/theme.dart:2
00:18:
Error: The argument 
type 'CardTheme' 
can't be assigned 
to the parameter 
type 
'CardThemeData?'.
 - 'CardTheme' is 
from 'package:flutte
r/src/material/card_
theme.dart' ('/C:/Us
ers/fahmi/fvm/defaul
t/packages/flutter/l
ib/src/material/card
_theme.dart').
 - 'CardThemeData' 
is from 'package:flu
tter/src/material/ca
rd_theme.dart' ('/C:
/Users/fahmi/fvm/def
ault/packages/flutte
r/lib/src/material/c
ard_theme.dart').
      cardTheme: 
CardTheme(
                 ^
Error: Compilation 
failed.
  Command: C:\Users\
fahmi\fvm\default\bi
n\cache\dart-sdk\bin
\dart.exe compile 
js --platform-binari
es=C:\Users\fahmi\fv
m\default\bin\cache\
flutter_web_sdk\kern
el --invoker=flutter
_tool -Ddart.vm.prod
uct=true -DFLUTTER_V
ERSION=3.35.4 -DFLUT
TER_CHANNEL=stable -
DFLUTTER_GIT_URL=htt
ps://github.com/flut
ter/flutter.git -DFL
UTTER_FRAMEWORK_REVI
SION=d693b4b9db -DFL
UTTER_ENGINE_REVISIO
N=c298091351 -DFLUTT
ER_DART_VERSION=3.9.
2 -DFLUTTER_WEB_USE_
SKIA=true -DFLUTTER_
WEB_USE_SKWASM=false
 -DFLUTTER_WEB_CANVA
SKIT_URL=https://www
.gstatic.com/flutter
-canvaskit/c29809135
135e262a912cf583b2c9
0deb9ded610/ --nativ
e-null-assertions 
--no-source-maps 
-O4 --minify -o 
C:\gravityai 
(2)\project11 (perso
nal)\.dart_tool\flut
ter_build\3da24f7dc8
be79202891157d55c580
d0\app.dill --packag
es=C:\gravityai 
(2)\project11 (perso
nal)\.dart_tool\pack
age_config.json 
--cfe-only 
C:\gravityai 
(2)\project11 (perso
nal)\.dart_tool\flut
ter_build\3da24f7dc8
be79202891157d55c580
d0\main.dart
#0      RunResult.th
rowException (packag
e:flutter_tools/src/
base/process.dart:11
8:5)
#1      _DefaultProc
essUtils.run (packag
e:flutter_tools/src/
base/process.dart:34
4:19)
<asynchronous 
suspension>
#2      
Dart2JSTarget.build 
(package:flutter_too
ls/src/build_system/
targets/web.dart:204
:5)
<asynchronous 
suspension>
#3      _BuildInstan
ce._invokeInternal (
package:flutter_tool
s/src/build_system/b
uild_system.dart:873
:9)
<asynchronous 
suspension>
#4      Future.wait.
<anonymous closure> 
(dart:async/future.d
art:525:21)
<asynchronous 
suspension>
#5      _BuildInstan
ce.invokeTarget (pac
kage:flutter_tools/s
rc/build_system/buil
d_system.dart:811:32
)
<asynchronous 
suspension>
#6      Future.wait.
<anonymous closure> 
(dart:async/future.d
art:525:21)
<asynchronous 
suspension>
#7      _BuildInstan
ce.invokeTarget (pac
kage:flutter_tools/s
rc/build_system/buil
d_system.dart:811:32
)
<asynchronous 
suspension>
#8      FlutterBuild
System.build (packag
e:flutter_tools/src/
build_system/build_s
ystem.dart:631:16)
<asynchronous 
suspension>
#9      
WebBuilder.buildWeb 
(package:flutter_too
ls/src/web/compile.d
art:90:34)
<asynchronous 
suspension>
#10     BuildWebComm
and.runCommand (pack
age:flutter_tools/sr
c/commands/build_web
.dart:282:5)
<asynchronous 
suspension>
#11     FlutterComma
nd.run.<anonymous 
closure> (package:fl
utter_tools/src/runn
er/flutter_command.d
art:1581:27)
<asynchronous 
suspension>
#12     AppContext.r
un.<anonymous 
closure> (package:fl
utter_tools/src/base
/context.dart:154:19
)
<asynchronous 
suspension>
#13     CommandRunne
r.runCommand (packag
e:args/command_runne
r.dart:212:13)
<asynchronous 
suspension>
#14     FlutterComma
ndRunner.runCommand.
<anonymous closure> 
(package:flutter_too
ls/src/runner/flutte
r_command_runner.dar
t:503:9)
<asynchronous 
suspension>
#15     AppContext.r
un.<anonymous 
closure> (package:fl
utter_tools/src/base
/context.dart:154:19
)
<asynchronous 
suspension>
#16     FlutterComma
ndRunner.runCommand 
(package:flutter_too
ls/src/runner/flutte
r_command_runner.dar
t:438:5)
<asynchronous 
suspension>
#17     
run.<anonymous 
closure>.<anonymous 
closure> (package:fl
utter_tools/runner.d
art:98:11)
<asynchronous 
suspension>
#18     AppContext.r
un.<anonymous 
closure> (package:fl
utter_tools/src/base
/context.dart:154:19
)
<asynchronous 
suspension>
#19     main (packag
e:flutter_tools/exec
utable.dart:101:3)
<asynchronous 
suspension>

Compiling lib\main.dart for the Web...                             20.2s
Error: Failed to 
compile application 
for the Web.
